// Jest Snapshot v1, https://goo.gl/fbAQLP

exports[`Foodprint matches previous snapshot 1`] = `
<View
  style={
    Object {
      "backgroundColor": "black",
      "flex": 1,
      "flexDirection": "column",
    }
  }
/>
`;
