// Jest Snapshot v1, https://goo.gl/fbAQLP

exports[`Feedback matches previous snapshot 1`] = `
<View>
  <Text>
    Oops, something went wrong.
  </Text>
</View>
`;
