// Jest Snapshot v1, https://goo.gl/fbAQLP

exports[`SignUp renders matches previous snapshot 1`] = `
<SafeAreaView>
  <ScrollView
    contentContainerStyle={
      Object {
        "alignItems": "center",
      }
    }
    style={
      Object {
        "height": "100%",
        "width": "100%",
      }
    }
  >
    <View
      style={
        Object {
          "alignItems": "center",
          "justifyContent": "center",
          "marginVertical": 16,
        }
      }
    >
      <Text
        style={
          Object {
            "fontSize": 50,
          }
        }
        theme={
          Object {
            "colors": Object {
              "disabled": "hsl(208, 8%, 90%)",
              "divider": "#bcbbc1",
              "error": "#ff190c",
              "grey0": "#393e42",
              "grey1": "#43484d",
              "grey2": "#5e6977",
              "grey3": "#86939e",
              "grey4": "#bdc6cf",
              "grey5": "#e1e8ee",
              "greyOutline": "#bbb",
              "platform": Object {
                "android": Object {
                  "error": "#f44336",
                  "primary": "#2196f3",
                  "secondary": "#9C27B0",
                  "success": "#4caf50",
                  "warning": "#ffeb3b",
                },
                "ios": Object {
                  "error": "#ff3b30",
                  "primary": "#007aff",
                  "secondary": "#5856d6",
                  "success": "#4cd964",
                  "warning": "#ffcc00",
                },
              },
              "primary": "#2089dc",
              "searchBg": "#303337",
              "secondary": "#8F0CE8",
              "success": "#52c41a",
              "warning": "#faad14",
            },
          }
        }
      >
        FoodPrint
      </Text>
    </View>
    <View
      style={
        Object {
          "width": "80%",
        }
      }
    >
      <View>
        <View
          style={
            Object {
              "marginBottom": 15,
              "paddingHorizontal": 10,
              "width": "100%",
            }
          }
        >
          <View
            style={
              Object {
                "alignItems": "center",
                "borderBottomWidth": 1,
                "borderColor": "#86939e",
                "flexDirection": "row",
                "transform": Array [
                  Object {
                    "translateX": 0,
                  },
                ],
              }
            }
          >
            <TextInput
              allowFontScaling={true}
              autoCapitalize="none"
              autoCorrect={false}
              editable={true}
              onChangeText={[Function]}
              onSubmitEditing={[Function]}
              placeholder="Email"
              rejectResponderTermination={true}
              returnKeyType="next"
              style={
                Object {
                  "alignSelf": "center",
                  "color": "black",
                  "flex": 1,
                  "fontSize": 18,
                  "minHeight": 40,
                }
              }
              testID="RNE__Input__text-input"
              underlineColorAndroid="transparent"
              value=""
            />
          </View>
        </View>
        <View
          style={
            Object {
              "marginBottom": 15,
              "paddingHorizontal": 10,
              "width": "100%",
            }
          }
        >
          <View
            style={
              Object {
                "alignItems": "center",
                "borderBottomWidth": 1,
                "borderColor": "#86939e",
                "flexDirection": "row",
                "transform": Array [
                  Object {
                    "translateX": 0,
                  },
                ],
              }
            }
          >
            <TextInput
              allowFontScaling={true}
              autoCapitalize="none"
              autoCorrect={false}
              editable={true}
              onChangeText={[Function]}
              onSubmitEditing={[Function]}
              placeholder="Password"
              rejectResponderTermination={true}
              returnKeyType="join"
              secureTextEntry={true}
              style={
                Object {
                  "alignSelf": "center",
                  "color": "black",
                  "flex": 1,
                  "fontSize": 18,
                  "minHeight": 40,
                }
              }
              testID="RNE__Input__text-input"
              underlineColorAndroid="transparent"
              value=""
            />
          </View>
        </View>
        <View
          style={
            Object {
              "borderRadius": 3,
            }
          }
        >
          <TouchableOpacity
            activeOpacity={0.3}
            disabled={false}
            onPress={[Function]}
            testID="joinButton"
          >
            <View
              style={
                Object {
                  "alignItems": "center",
                  "backgroundColor": "green",
                  "borderColor": "#2089dc",
                  "borderRadius": 3,
                  "borderWidth": 0,
                  "flexDirection": "row",
                  "justifyContent": "center",
                  "marginVertical": 16,
                  "padding": 8,
                }
              }
            >
              <Text
                style={
                  Object {
                    "color": "white",
                    "fontSize": 24,
                    "paddingBottom": 1,
                    "paddingTop": 2,
                    "textAlign": "center",
                  }
                }
              >
                Join
              </Text>
            </View>
          </TouchableOpacity>
        </View>
      </View>
    </View>
  </ScrollView>
</SafeAreaView>
`;
